Project root: /home/denise/RCS-validation-package
Table directory: /home/denise/RCS-validation-package/outputs/tables
Figure directory: /home/denise/RCS-validation-package/outputs/figures
Figure source directory: /home/denise/RCS-validation-package/outputs/tables/figure_source
Supplementary table directory: /home/denise/RCS-validation-package/outputs/tables/supplementary
Using cached Figure 2 source: /home/denise/RCS-validation-package/outputs/tables/figure_source/Figure_2_Source_Synthetic_Validation_Heatmap.csv
Saved: /home/denise/RCS-validation-package/outputs/figures/Figure_2_Synthetic_Validation_Heatmap.pdf
Saved: /home/denise/RCS-validation-package/outputs/figures/Figure_2_Synthetic_Validation_Heatmap.png
Using cached Figure 3 source: /home/denise/RCS-validation-package/outputs/tables/figure_source/Figure_3_Source_Combinatorial_Distribution.csv
Saved: /home/denise/RCS-validation-package/outputs/figures/Figure_3_Combinatorial_Distribution_Admissible_Grades.pdf
Saved: /home/denise/RCS-validation-package/outputs/figures/Figure_3_Combinatorial_Distribution_Admissible_Grades.png
Using cached Figure 4 summary source: /home/denise/RCS-validation-package/outputs/tables/figure_source/Figure_4_Source_Threshold_Transition_Summary.csv
Saved: /home/denise/RCS-validation-package/outputs/figures/Figure_4_Threshold_Stability_Grade_Transitions.pdf
Saved: /home/denise/RCS-validation-package/outputs/figures/Figure_4_Threshold_Stability_Grade_Transitions.png
Using cached Figure 5 source tables.
Saved: /home/denise/RCS-validation-package/outputs/figures/Figure_5_Runtime_Scalability.pdf
Saved: /home/denise/RCS-validation-package/outputs/figures/Figure_5_Runtime_Scalability.png
Generated supplementary table: Additional_File_S4_Property_Based_Logical_Checks.csv
Generated supplementary table: Additional_File_S5_Synthetic_Validation_And_Internal_Calibration.csv
Generated supplementary table: Additional_File_S6_Threshold_Margin_Analysis.csv
Generated supplementary table: Additional_File_S7_Governance_Failure_Sensitivity_Override.csv
Generated supplementary table: Additional_File_S8_Global_Sensitivity_And_Axis_Influence.csv
Generated supplementary table: Additional_File_S9_Weight_Perturbation_Robustness.csv
Generated supplementary table: Additional_File_S10_Ablation_Analysis.csv
Generated supplementary table: Additional_File_S11_Runtime_Benchmark_Summary.csv
==========================================================
Main figure generation completed successfully.

Generated main figures:
  - Figure_2_Synthetic_Validation_Heatmap.pdf/png
  - Figure_3_Combinatorial_Distribution_Admissible_Grades.pdf/png
  - Figure_4_Threshold_Stability_Grade_Transitions.pdf/png
  - Figure_5_Runtime_Scalability.pdf/png

Supplementary figures:
  - None generated by design.

Figure source tables:
  - /home/denise/RCS-validation-package/outputs/tables/figure_source

Supplementary audit tables:
  - /home/denise/RCS-validation-package/outputs/tables/supplementary

Output index:
  - /home/denise/RCS-validation-package/outputs/tables/Figure_And_Supplementary_Output_Index.csv
==========================================================
