Starting RCS validation pipeline...
Working directory: /home/deniser_contato/RCS-validation-package 
2026-08-21 19:23:46 | Running property-based logical checks
2026-08-21 19:23:46 | Property-based logical checks completed
2026-08-21 19:23:46 | Running synthetic validation
2026-08-21 19:23:47 | Synthetic validation completed
2026-08-21 19:23:47 | Running combinatorial, threshold, one-axis, and governance analyses
2026-08-21 19:23:48 | Combinatorial, threshold, one-axis, and governance analyses completed
2026-08-21 19:23:48 | Running sensitivity and ablation analyses
2026-08-21 19:23:52 | Sensitivity and ablation analyses completed
2026-08-21 19:23:52 | Running runtime benchmark
2026-08-21 19:31:23 | Runtime benchmark completed
Project root: /home/deniser_contato/RCS-validation-package
Table directory: /home/deniser_contato/RCS-validation-package/outputs/tables
Figure directory: /home/deniser_contato/RCS-validation-package/outputs/figures
Figure source directory: /home/deniser_contato/RCS-validation-package/outputs/tables/figure_source
Supplementary table directory: /home/deniser_contato/RCS-validation-package/outputs/tables/supplementary
Reading table: Table_Synthetic_Validation_Grade_Distribution.csv
Saved: /home/deniser_contato/RCS-validation-package/outputs/figures/Figure_2_Synthetic_Validation_Heatmap.pdf
Saved: /home/deniser_contato/RCS-validation-package/outputs/figures/Figure_2_Synthetic_Validation_Heatmap.png
Reading table: Table_Combinatorial_Grade_Distribution.csv
Saved: /home/deniser_contato/RCS-validation-package/outputs/figures/Figure_3_Combinatorial_Distribution_Admissible_Grades.pdf
Saved: /home/deniser_contato/RCS-validation-package/outputs/figures/Figure_3_Combinatorial_Distribution_Admissible_Grades.png
Using cached Figure 4 full source: /home/deniser_contato/RCS-validation-package/outputs/tables/figure_source/Figure_4_Source_Full_Threshold_Crossing_Matrix.csv
Saved: /home/deniser_contato/RCS-validation-package/outputs/figures/Figure_4_Threshold_Stability_Grade_Transitions.pdf
Saved: /home/deniser_contato/RCS-validation-package/outputs/figures/Figure_4_Threshold_Stability_Grade_Transitions.png
Reading table: Table_Runtime_Benchmark_Summary.csv
Reading table: Table_Runtime_Benchmark_Raw.csv
Saved: /home/deniser_contato/RCS-validation-package/outputs/figures/Figure_5_Runtime_Scalability.pdf
Saved: /home/deniser_contato/RCS-validation-package/outputs/figures/Figure_5_Runtime_Scalability.png
Generated supplementary table: Additional_File_S4_Property_Based_Logical_Checks.csv
Generated supplementary table: Additional_File_S5_Synthetic_Validation_And_Internal_Calibration.csv
Generated supplementary table: Additional_File_S6_Threshold_Margin_Analysis.csv
Generated supplementary table: Additional_File_S7_Governance_Failure_Sensitivity_Override.csv
Generated supplementary table: Additional_File_S8_Global_Sensitivity_And_Axis_Influence.csv
Generated supplementary table: Additional_File_S9_Weight_Perturbation_Robustness.csv
Generated supplementary table: Additional_File_S10_Ablation_Analysis.csv
Generated supplementary table: Additional_File_S11_Runtime_Benchmark_Summary.csv
==========================================================
Main figure generation completed successfully.

Generated main figures:
  - Figure_2_Synthetic_Validation_Heatmap.pdf/png
  - Figure_3_Combinatorial_Distribution_Admissible_Grades.pdf/png
  - Figure_4_Threshold_Stability_Grade_Transitions.pdf/png
  - Figure_5_Runtime_Scalability.pdf/png

Supplementary figures:
  - None generated by design.

Figure source tables:
  - /home/deniser_contato/RCS-validation-package/outputs/tables/figure_source

Supplementary audit tables:
  - /home/deniser_contato/RCS-validation-package/outputs/tables/supplementary

Output index:
  - /home/deniser_contato/RCS-validation-package/outputs/tables/Figure_And_Supplementary_Output_Index.csv
==========================================================
2026-08-21 19:31:33 | Exporting computational environment
2026-08-21 19:31:33 | Computational environment exported
Canonical R input n=10000 rep=1
Canonical R input n=10000 rep=2
Canonical R input n=10000 rep=3
Canonical R input n=10000 rep=4
Canonical R input n=10000 rep=5
Canonical R input n=50000 rep=1
Canonical R input n=50000 rep=2
Canonical R input n=50000 rep=3
Canonical R input n=50000 rep=4
Canonical R input n=50000 rep=5
Canonical R input n=100000 rep=1
Canonical R input n=100000 rep=2
Canonical R input n=100000 rep=3
Canonical R input n=100000 rep=4
Canonical R input n=100000 rep=5
Canonical R input n=500000 rep=1
Canonical R input n=500000 rep=2
Canonical R input n=500000 rep=3
Canonical R input n=500000 rep=4
Canonical R input n=500000 rep=5
Canonical R input n=1000000 rep=1
Canonical R input n=1000000 rep=2
Canonical R input n=1000000 rep=3
Canonical R input n=1000000 rep=4
Canonical R input n=1000000 rep=5
Canonical R input n=2000000 rep=1
Canonical R input n=2000000 rep=2
Canonical R input n=2000000 rep=3
Canonical R input n=2000000 rep=4
Canonical R input n=2000000 rep=5
Canonical R input n=5000000 rep=1
Canonical R input n=5000000 rep=2
Canonical R input n=5000000 rep=3
Canonical R input n=5000000 rep=4
Canonical R input n=5000000 rep=5
2026-08-21 19:41:21 | Canonical cross-language inputs generated
2026-08-21 19:41:21 | R/PSOCK benchmark audit tables generated; no separate figure created
2026-08-21 19:42:43 | Cross-language benchmark completed
2026-08-21 19:42:49 | Unified implementation-performance Figure 6 generated
Generated: outputs/figures/Figure_6_Implementation_Performance_Benchmark.pdf
Generated: outputs/figures/Figure_6_Implementation_Performance_Benchmark.png
CUDA observations detected and included.
Pipeline completed successfully.
Elapsed time: 1143.976 seconds
Código de saída: 0
