Starting RCS validation pipeline...
Working directory: /home/denise/RCS-validation-package 
2026-07-30 15:39:28 | Running property-based logical checks
2026-07-30 15:39:28 | Property-based logical checks completed
2026-07-30 15:39:28 | Running synthetic validation
2026-07-30 15:39:28 | Synthetic validation completed
2026-07-30 15:39:28 | Running combinatorial, threshold, one-axis, and governance analyses
2026-07-30 15:39:29 | Combinatorial, threshold, one-axis, and governance analyses completed
2026-07-30 15:39:29 | Running sensitivity and ablation analyses
2026-07-30 15:39:34 | Sensitivity and ablation analyses completed
2026-07-30 15:39:34 | Running runtime benchmark
2026-07-30 15:48:04 | Runtime benchmark completed
Project root: /home/denise/RCS-validation-package
Table directory: /home/denise/RCS-validation-package/outputs/tables
Figure directory: /home/denise/RCS-validation-package/outputs/figures
Figure source directory: /home/denise/RCS-validation-package/outputs/tables/figure_source
Supplementary table directory: /home/denise/RCS-validation-package/outputs/tables/supplementary
Reading table: Table_Synthetic_Validation_Grade_Distribution.csv
Saved: /home/denise/RCS-validation-package/outputs/figures/Figure_2_Synthetic_Validation_Heatmap.pdf
Saved: /home/denise/RCS-validation-package/outputs/figures/Figure_2_Synthetic_Validation_Heatmap.png
Reading table: Table_Combinatorial_Grade_Distribution.csv
Saved: /home/denise/RCS-validation-package/outputs/figures/Figure_3_Combinatorial_Distribution_Admissible_Grades.pdf
Saved: /home/denise/RCS-validation-package/outputs/figures/Figure_3_Combinatorial_Distribution_Admissible_Grades.png
Error in make_figure4_data() : 
  No Figure 4 source table found. Expected one of: /home/denise/RCS-validation-package/outputs/tables/figure_source/Figure_4_Source_Threshold_Transition_Summary.csv ; /home/denise/RCS-validation-package/outputs/tables/figure_source/Figure_4_Source_Full_Threshold_Crossing_Matrix.csv ; /home/denise/RCS-validation-package/outputs/tables/figure_source/Figure_4_Source_Panel_A_Threshold_Crossing_Matrix.csv
Calls: source -> withVisible -> eval -> eval -> make_figure4_data
Execution halted
